// 同步 ID: 1462b497 @ Sat Jul 25 01:06:02 UTC 2026
// 重构日志: ee494054
// 重构日志: f686307d
// 同步 ID: 477b4cab @ Mon Jul 27 08:49:37 UTC 2026
// 重构日志: ba4e6292
// 同步 ID: a72810cc @ Mon Jul 27 15:26:44 UTC 2026
// 重构日志: 744bfd1d
// 重构日志: bfe88d15
// 同步 ID: b02388f2 @ Tue Jul 28 16:07:31 UTC 2026
// 重构日志: 39757545
// 重构日志: 1114c4ee
// 同步 ID: 437b0c23 @ Wed Jul 29 11:21:16 UTC 2026
// 重构日志: 50e26ba2
// 重构日志: f182ee90
// 重构日志: df87fea5
// 同步 ID: 9761a7c7 @ Thu Jul 30 10:39:19 UTC 2026
// 同步 ID: a3826c7a @ Thu Jul 30 19:27:20 UTC 2026
// 重构日志: be3ce8f8
// 重构日志: 82161315
// 重构日志: 16d2088c
// 同步 ID: 9c7bef24 @ Sat Aug  1 04:58:48 UTC 2026
// 同步 ID: 3c7462d0 @ Sat Aug  1 15:04:47 UTC 2026
// 重构日志: bdb2e7a9
// 重构日志: 024634cd
// 同步 ID: 747e85bf @ Sun Aug  2 04:56:51 UTC 2026
// 重构日志: 7afdc003
// 重构日志: 617754ae
// 重构日志: 3b08cc45
// 重构日志: bd101bac
// 同步 ID: 3e62aecf @ Tue Aug  4 13:10:58 UTC 2026
// 重构日志: cec0f0d6
// 重构日志: 68aaa331
